{
 "pi_a": [
  "9394338185732305719806011065134446911108323018457588286456961882986219363865",
  "15746759809874621985987780715821363746217179062284140706010953533743322353143",
  "1"
 ],
 "pi_b": [
  [
   "11767400320831182291836719976706808438069844656325769591942922679870302275961",
   "6655555805282541293507766019114818732448651987649641056472193412793000608658"
  ],
  [
   "165573447069789874882691451778743648261064383235713444940861981449848990224",
   "19988792931394998924065924688231640113706338141254618060579448296980590803938"
  ],
  [
   "1",
   "0"
  ]
 ],
 "pi_c": [
  "17909441321969125567799631222722899785743377975760647946061723535215534382510",
  "11283272754750438996756092628724960121502710178397142080911723324462149051123",
  "1"
 ],
 "protocol": "groth16",
 "curve": "bn128"
}